
Discarded input sections

 .comment       0x00000000       0x27 os.o
 .comment       0x00000000       0x27 pcb.o

Memory Configuration

Name             Origin             Length             Attributes
OS_RAM           0x82000000         0x00010000         xrw
*default*        0x00000000         0xffffffff

Linker script and memory map

LOAD root.o
LOAD os.o
LOAD pcb.o
                0x82000000                        . = ORIGIN (OS_RAM)

.vectors        0x82000000       0x20
 *(.vectors)
 .vectors       0x82000000       0x20 root.o

.text           0x82000020      0x210
 *(.text.boot)
 .text.boot     0x82000020       0x90 root.o
                0x82000020                _start
                0x82000084                irq_handler
 *(.text*)
 .text          0x820000b0        0x0 root.o
 .text          0x820000b0      0x158 os.o
                0x820000e4                timer_irq_handler
                0x82000124                kmain
 .text          0x82000208       0x28 pcb.o
                0x82000208                pcb_init
                0x82000218                pcb_set_state
                0x82000224                pcb_set_sp

.glue_7         0x82000230        0x0
 .glue_7        0x82000230        0x0 linker stubs

.glue_7t        0x82000230        0x0
 .glue_7t       0x82000230        0x0 linker stubs

.vfp11_veneer   0x82000230        0x0
 .vfp11_veneer  0x82000230        0x0 linker stubs

.v4_bx          0x82000230        0x0
 .v4_bx         0x82000230        0x0 linker stubs

.iplt           0x82000230        0x0
 .iplt          0x82000230        0x0 root.o

.rodata         0x82000230       0x2c
 *(.rodata*)
 .rodata.str1.4
                0x82000230       0x2c os.o

.rel.dyn        0x8200025c        0x0
 .rel.iplt      0x8200025c        0x0 root.o

.data           0x8200025c        0x0
 *(.data*)
 .data          0x8200025c        0x0 root.o
 .data          0x8200025c        0x0 os.o
 .data          0x8200025c        0x0 pcb.o

.igot.plt       0x8200025c        0x0
 .igot.plt      0x8200025c        0x0 root.o

.bss            0x82000260        0x0
                0x82000260                        __bss_start = .
 *(.bss*)
 .bss           0x82000260        0x0 root.o
 .bss           0x82000260        0x0 os.o
 .bss           0x82000260        0x0 pcb.o
 *(COMMON)
                0x82000260                        __bss_end = .

/DISCARD/
 *(.comment*)
 *(.note*)
 *(.eh_frame*)
                0x82011000                        __irq_stack_top = 0x82011000
                0x82012000                        __svc_stack_top = 0x82012000
OUTPUT(os.elf elf32-littlearm)
LOAD linker stubs

.ARM.attributes
                0x00000000       0x2d
 .ARM.attributes
                0x00000000       0x1d root.o
 .ARM.attributes
                0x0000001d       0x31 os.o
 .ARM.attributes
                0x0000004e       0x31 pcb.o
